

================================================================
== Vitis HLS Report for 'Matrix_Vector_Activate_Stream_Batch'
================================================================
* Date:           Fri Nov  8 14:18:47 2024

* Version:        2022.2 (Build 3670227 on Oct 13 2022)
* Project:        project_MVAU_hls_0
* Solution:       sol1 (Vivado IP Flow Target)
* Product family: zynq
* Target device:  xc7z020-clg400-1


================================================================
== Performance Estimates
================================================================
+ Timing: 
    * Summary: 
    +--------+----------+----------+------------+
    |  Clock |  Target  | Estimated| Uncertainty|
    +--------+----------+----------+------------+
    |ap_clk  |  10.00 ns|  7.100 ns|     2.70 ns|
    +--------+----------+----------+------------+

+ Latency: 
    * Summary: 
    +---------+---------+----------+----------+--------+--------+---------+
    |  Latency (cycles) |  Latency (absolute) |     Interval    | Pipeline|
    |   min   |   max   |    min   |    max   |   min  |   max  |   Type  |
    +---------+---------+----------+----------+--------+--------+---------+
    |   346120|   346120|  3.461 ms|  3.461 ms|  346120|  346120|       no|
    +---------+---------+----------+----------+--------+--------+---------+

    + Detail: 
        * Instance: 
        N/A

        * Loop: 
        +--------------------+---------+---------+----------+-----------+-----------+--------+----------+
        |                    |  Latency (cycles) | Iteration|  Initiation Interval  |  Trip  |          |
        |      Loop Name     |   min   |   max   |  Latency |  achieved |   target  |  Count | Pipelined|
        +--------------------+---------+---------+----------+-----------+-----------+--------+----------+
        |- VITIS_LOOP_249_1  |   346118|   346118|         8|          1|          1|  346112|  yes(flp)|
        +--------------------+---------+---------+----------+-----------+-----------+--------+----------+



================================================================
== Utilization Estimates
================================================================
* Summary: 
+-----------------+---------+-----+--------+-------+-----+
|       Name      | BRAM_18K| DSP |   FF   |  LUT  | URAM|
+-----------------+---------+-----+--------+-------+-----+
|DSP              |        -|   48|       -|      -|    -|
|Expression       |        -|    -|       0|   1546|    -|
|FIFO             |        -|    -|       -|      -|    -|
|Instance         |        -|    0|       0|    984|    -|
|Memory           |        -|    -|       -|      -|    -|
|Multiplexer      |        -|    -|       -|    170|    -|
|Register         |        -|    -|    1803|      -|    -|
+-----------------+---------+-----+--------+-------+-----+
|Total            |        0|   48|    1803|   2700|    0|
+-----------------+---------+-----+--------+-------+-----+
|Available        |      280|  220|  106400|  53200|    0|
+-----------------+---------+-----+--------+-------+-----+
|Utilization (%)  |        0|   21|       1|      5|    0|
+-----------------+---------+-----+--------+-------+-----+

+ Detail: 
    * Instance: 
    +-----------------------+-------------------+---------+----+---+----+-----+
    |        Instance       |       Module      | BRAM_18K| DSP| FF| LUT| URAM|
    +-----------------------+-------------------+---------+----+---+----+-----+
    |mul_8s_3ns_11_1_1_U1   |mul_8s_3ns_11_1_1  |        0|   0|  0|  41|    0|
    |mul_8s_3ns_11_1_1_U2   |mul_8s_3ns_11_1_1  |        0|   0|  0|  41|    0|
    |mul_8s_3ns_11_1_1_U3   |mul_8s_3ns_11_1_1  |        0|   0|  0|  41|    0|
    |mul_8s_3ns_11_1_1_U4   |mul_8s_3ns_11_1_1  |        0|   0|  0|  41|    0|
    |mul_8s_3ns_11_1_1_U5   |mul_8s_3ns_11_1_1  |        0|   0|  0|  41|    0|
    |mul_8s_3ns_11_1_1_U6   |mul_8s_3ns_11_1_1  |        0|   0|  0|  41|    0|
    |mul_8s_3ns_11_1_1_U7   |mul_8s_3ns_11_1_1  |        0|   0|  0|  41|    0|
    |mul_8s_3ns_11_1_1_U8   |mul_8s_3ns_11_1_1  |        0|   0|  0|  41|    0|
    |mul_8s_3ns_11_1_1_U9   |mul_8s_3ns_11_1_1  |        0|   0|  0|  41|    0|
    |mul_8s_3ns_11_1_1_U10  |mul_8s_3ns_11_1_1  |        0|   0|  0|  41|    0|
    |mul_8s_3ns_11_1_1_U11  |mul_8s_3ns_11_1_1  |        0|   0|  0|  41|    0|
    |mul_8s_3ns_11_1_1_U12  |mul_8s_3ns_11_1_1  |        0|   0|  0|  41|    0|
    |mul_8s_3ns_11_1_1_U13  |mul_8s_3ns_11_1_1  |        0|   0|  0|  41|    0|
    |mul_8s_3ns_11_1_1_U14  |mul_8s_3ns_11_1_1  |        0|   0|  0|  41|    0|
    |mul_8s_3ns_11_1_1_U15  |mul_8s_3ns_11_1_1  |        0|   0|  0|  41|    0|
    |mul_8s_3ns_11_1_1_U16  |mul_8s_3ns_11_1_1  |        0|   0|  0|  41|    0|
    |mul_8s_3ns_11_1_1_U17  |mul_8s_3ns_11_1_1  |        0|   0|  0|  41|    0|
    |mul_8s_3ns_11_1_1_U18  |mul_8s_3ns_11_1_1  |        0|   0|  0|  41|    0|
    |mul_8s_3ns_11_1_1_U19  |mul_8s_3ns_11_1_1  |        0|   0|  0|  41|    0|
    |mul_8s_3ns_11_1_1_U20  |mul_8s_3ns_11_1_1  |        0|   0|  0|  41|    0|
    |mul_8s_3ns_11_1_1_U21  |mul_8s_3ns_11_1_1  |        0|   0|  0|  41|    0|
    |mul_8s_3ns_11_1_1_U22  |mul_8s_3ns_11_1_1  |        0|   0|  0|  41|    0|
    |mul_8s_3ns_11_1_1_U23  |mul_8s_3ns_11_1_1  |        0|   0|  0|  41|    0|
    |mul_8s_3ns_11_1_1_U24  |mul_8s_3ns_11_1_1  |        0|   0|  0|  41|    0|
    +-----------------------+-------------------+---------+----+---+----+-----+
    |Total                  |                   |        0|   0|  0| 984|    0|
    +-----------------------+-------------------+---------+----+---+----+-----+

    * DSP: 
    +----------------------------------+------------------------------+--------------+
    |             Instance             |            Module            |  Expression  |
    +----------------------------------+------------------------------+--------------+
    |mac_muladd_8s_3ns_11s_12_4_1_U25  |mac_muladd_8s_3ns_11s_12_4_1  |  i0 + i1 * i2|
    |mac_muladd_8s_3ns_11s_12_4_1_U26  |mac_muladd_8s_3ns_11s_12_4_1  |  i0 + i1 * i2|
    |mac_muladd_8s_3ns_11s_12_4_1_U27  |mac_muladd_8s_3ns_11s_12_4_1  |  i0 + i1 * i2|
    |mac_muladd_8s_3ns_11s_12_4_1_U28  |mac_muladd_8s_3ns_11s_12_4_1  |  i0 + i1 * i2|
    |mac_muladd_8s_3ns_11s_12_4_1_U29  |mac_muladd_8s_3ns_11s_12_4_1  |  i0 + i1 * i2|
    |mac_muladd_8s_3ns_11s_12_4_1_U30  |mac_muladd_8s_3ns_11s_12_4_1  |  i0 + i1 * i2|
    |mac_muladd_8s_3ns_11s_12_4_1_U31  |mac_muladd_8s_3ns_11s_12_4_1  |  i0 + i1 * i2|
    |mac_muladd_8s_3ns_11s_12_4_1_U32  |mac_muladd_8s_3ns_11s_12_4_1  |  i0 + i1 * i2|
    |mac_muladd_8s_3ns_11s_12_4_1_U33  |mac_muladd_8s_3ns_11s_12_4_1  |  i0 + i1 * i2|
    |mac_muladd_8s_3ns_11s_12_4_1_U34  |mac_muladd_8s_3ns_11s_12_4_1  |  i0 + i1 * i2|
    |mac_muladd_8s_3ns_11s_12_4_1_U35  |mac_muladd_8s_3ns_11s_12_4_1  |  i0 + i1 * i2|
    |mac_muladd_8s_3ns_11s_12_4_1_U36  |mac_muladd_8s_3ns_11s_12_4_1  |  i0 + i1 * i2|
    |mac_muladd_8s_3ns_11s_12_4_1_U37  |mac_muladd_8s_3ns_11s_12_4_1  |  i0 + i1 * i2|
    |mac_muladd_8s_3ns_11s_12_4_1_U38  |mac_muladd_8s_3ns_11s_12_4_1  |  i0 + i1 * i2|
    |mac_muladd_8s_3ns_11s_12_4_1_U39  |mac_muladd_8s_3ns_11s_12_4_1  |  i0 + i1 * i2|
    |mac_muladd_8s_3ns_11s_12_4_1_U40  |mac_muladd_8s_3ns_11s_12_4_1  |  i0 + i1 * i2|
    |mac_muladd_8s_3ns_11s_12_4_1_U41  |mac_muladd_8s_3ns_11s_12_4_1  |  i0 + i1 * i2|
    |mac_muladd_8s_3ns_11s_12_4_1_U42  |mac_muladd_8s_3ns_11s_12_4_1  |  i0 + i1 * i2|
    |mac_muladd_8s_3ns_11s_12_4_1_U43  |mac_muladd_8s_3ns_11s_12_4_1  |  i0 + i1 * i2|
    |mac_muladd_8s_3ns_11s_12_4_1_U44  |mac_muladd_8s_3ns_11s_12_4_1  |  i0 + i1 * i2|
    |mac_muladd_8s_3ns_11s_12_4_1_U45  |mac_muladd_8s_3ns_11s_12_4_1  |  i0 + i1 * i2|
    |mac_muladd_8s_3ns_11s_12_4_1_U46  |mac_muladd_8s_3ns_11s_12_4_1  |  i0 + i1 * i2|
    |mac_muladd_8s_3ns_11s_12_4_1_U47  |mac_muladd_8s_3ns_11s_12_4_1  |  i0 + i1 * i2|
    |mac_muladd_8s_3ns_11s_12_4_1_U48  |mac_muladd_8s_3ns_11s_12_4_1  |  i0 + i1 * i2|
    |mac_muladd_8s_3ns_12s_13_4_1_U49  |mac_muladd_8s_3ns_12s_13_4_1  |  i0 + i1 * i2|
    |mac_muladd_8s_3ns_12s_13_4_1_U50  |mac_muladd_8s_3ns_12s_13_4_1  |  i0 + i1 * i2|
    |mac_muladd_8s_3ns_12s_13_4_1_U51  |mac_muladd_8s_3ns_12s_13_4_1  |  i0 + i1 * i2|
    |mac_muladd_8s_3ns_12s_13_4_1_U52  |mac_muladd_8s_3ns_12s_13_4_1  |  i0 + i1 * i2|
    |mac_muladd_8s_3ns_12s_13_4_1_U53  |mac_muladd_8s_3ns_12s_13_4_1  |  i0 + i1 * i2|
    |mac_muladd_8s_3ns_12s_13_4_1_U54  |mac_muladd_8s_3ns_12s_13_4_1  |  i0 + i1 * i2|
    |mac_muladd_8s_3ns_12s_13_4_1_U55  |mac_muladd_8s_3ns_12s_13_4_1  |  i0 + i1 * i2|
    |mac_muladd_8s_3ns_12s_13_4_1_U56  |mac_muladd_8s_3ns_12s_13_4_1  |  i0 + i1 * i2|
    |mac_muladd_8s_3ns_12s_13_4_1_U57  |mac_muladd_8s_3ns_12s_13_4_1  |  i0 + i1 * i2|
    |mac_muladd_8s_3ns_12s_13_4_1_U58  |mac_muladd_8s_3ns_12s_13_4_1  |  i0 + i1 * i2|
    |mac_muladd_8s_3ns_12s_13_4_1_U59  |mac_muladd_8s_3ns_12s_13_4_1  |  i0 + i1 * i2|
    |mac_muladd_8s_3ns_12s_13_4_1_U60  |mac_muladd_8s_3ns_12s_13_4_1  |  i0 + i1 * i2|
    |mac_muladd_8s_3ns_12s_13_4_1_U61  |mac_muladd_8s_3ns_12s_13_4_1  |  i0 + i1 * i2|
    |mac_muladd_8s_3ns_12s_13_4_1_U62  |mac_muladd_8s_3ns_12s_13_4_1  |  i0 + i1 * i2|
    |mac_muladd_8s_3ns_12s_13_4_1_U63  |mac_muladd_8s_3ns_12s_13_4_1  |  i0 + i1 * i2|
    |mac_muladd_8s_3ns_12s_13_4_1_U64  |mac_muladd_8s_3ns_12s_13_4_1  |  i0 + i1 * i2|
    |mac_muladd_8s_3ns_13s_15_4_1_U65  |mac_muladd_8s_3ns_13s_15_4_1  |  i0 + i1 * i2|
    |mac_muladd_8s_3ns_13s_15_4_1_U66  |mac_muladd_8s_3ns_13s_15_4_1  |  i0 + i1 * i2|
    |mac_muladd_8s_3ns_13s_15_4_1_U67  |mac_muladd_8s_3ns_13s_15_4_1  |  i0 + i1 * i2|
    |mac_muladd_8s_3ns_13s_15_4_1_U68  |mac_muladd_8s_3ns_13s_15_4_1  |  i0 + i1 * i2|
    |mac_muladd_8s_3ns_13s_15_4_1_U69  |mac_muladd_8s_3ns_13s_15_4_1  |  i0 + i1 * i2|
    |mac_muladd_8s_3ns_13s_15_4_1_U70  |mac_muladd_8s_3ns_13s_15_4_1  |  i0 + i1 * i2|
    |mac_muladd_8s_3ns_13s_15_4_1_U71  |mac_muladd_8s_3ns_13s_15_4_1  |  i0 + i1 * i2|
    |mac_muladd_8s_3ns_13s_15_4_1_U72  |mac_muladd_8s_3ns_13s_15_4_1  |  i0 + i1 * i2|
    +----------------------------------+------------------------------+--------------+

    * Memory: 
    N/A

    * FIFO: 
    N/A

    * Expression: 
    +----------------------------------+----------+----+---+----+------------+------------+
    |           Variable Name          | Operation| DSP| FF| LUT| Bitwidth P0| Bitwidth P1|
    +----------------------------------+----------+----+---+----+------------+------------+
    |accu_V_16_fu_2113_p2              |         +|   0|  0|  15|          15|          15|
    |accu_V_17_fu_2127_p2              |         +|   0|  0|  15|          15|          15|
    |accu_V_18_fu_2141_p2              |         +|   0|  0|  15|          15|          15|
    |accu_V_19_fu_2155_p2              |         +|   0|  0|  15|          15|          15|
    |accu_V_20_fu_2169_p2              |         +|   0|  0|  15|          15|          15|
    |accu_V_21_fu_2183_p2              |         +|   0|  0|  15|          15|          15|
    |accu_V_22_fu_2197_p2              |         +|   0|  0|  15|          15|          15|
    |accu_V_23_fu_2211_p2              |         +|   0|  0|  15|          15|          15|
    |add_ln840_100_fu_2822_p2          |         +|   0|  0|   4|           3|           3|
    |add_ln840_102_fu_2897_p2          |         +|   0|  0|   2|           2|           2|
    |add_ln840_103_fu_2903_p2          |         +|   0|  0|   2|           2|           2|
    |add_ln840_104_fu_2913_p2          |         +|   0|  0|  10|           2|           2|
    |add_ln840_105_fu_2923_p2          |         +|   0|  0|  10|           2|           2|
    |add_ln840_106_fu_2933_p2          |         +|   0|  0|   4|           3|           3|
    |add_ln840_108_fu_3008_p2          |         +|   0|  0|   2|           2|           2|
    |add_ln840_109_fu_3014_p2          |         +|   0|  0|   2|           2|           2|
    |add_ln840_110_fu_3024_p2          |         +|   0|  0|  10|           2|           2|
    |add_ln840_111_fu_3034_p2          |         +|   0|  0|  10|           2|           2|
    |add_ln840_112_fu_3044_p2          |         +|   0|  0|   4|           3|           3|
    |add_ln840_114_fu_3119_p2          |         +|   0|  0|   2|           2|           2|
    |add_ln840_115_fu_3125_p2          |         +|   0|  0|   2|           2|           2|
    |add_ln840_116_fu_3135_p2          |         +|   0|  0|  10|           2|           2|
    |add_ln840_117_fu_3145_p2          |         +|   0|  0|  10|           2|           2|
    |add_ln840_118_fu_3155_p2          |         +|   0|  0|   4|           3|           3|
    |add_ln840_12_fu_2119_p2           |         +|   0|  0|  15|          15|          15|
    |add_ln840_16_fu_1912_p2           |         +|   0|  0|  17|          14|          14|
    |add_ln840_21_fu_2133_p2           |         +|   0|  0|  15|          15|          15|
    |add_ln840_25_fu_1927_p2           |         +|   0|  0|  17|          14|          14|
    |add_ln840_30_fu_2147_p2           |         +|   0|  0|  15|          15|          15|
    |add_ln840_34_fu_1942_p2           |         +|   0|  0|  17|          14|          14|
    |add_ln840_39_fu_2161_p2           |         +|   0|  0|  15|          15|          15|
    |add_ln840_3_fu_2105_p2            |         +|   0|  0|  15|          15|          15|
    |add_ln840_43_fu_1957_p2           |         +|   0|  0|  17|          14|          14|
    |add_ln840_48_fu_2175_p2           |         +|   0|  0|  15|          15|          15|
    |add_ln840_52_fu_1972_p2           |         +|   0|  0|  17|          14|          14|
    |add_ln840_57_fu_2189_p2           |         +|   0|  0|  15|          15|          15|
    |add_ln840_61_fu_1987_p2           |         +|   0|  0|  17|          14|          14|
    |add_ln840_66_fu_2203_p2           |         +|   0|  0|  15|          15|          15|
    |add_ln840_70_fu_2002_p2           |         +|   0|  0|  17|          14|          14|
    |add_ln840_72_fu_2342_p2           |         +|   0|  0|   2|           2|           2|
    |add_ln840_73_fu_2348_p2           |         +|   0|  0|   2|           2|           2|
    |add_ln840_74_fu_2358_p2           |         +|   0|  0|  10|           2|           2|
    |add_ln840_75_fu_2368_p2           |         +|   0|  0|  10|           2|           2|
    |add_ln840_76_fu_2378_p2           |         +|   0|  0|   4|           3|           3|
    |add_ln840_78_fu_2453_p2           |         +|   0|  0|   2|           2|           2|
    |add_ln840_79_fu_2459_p2           |         +|   0|  0|   2|           2|           2|
    |add_ln840_7_fu_1897_p2            |         +|   0|  0|  17|          14|          14|
    |add_ln840_80_fu_2469_p2           |         +|   0|  0|  10|           2|           2|
    |add_ln840_81_fu_2479_p2           |         +|   0|  0|  10|           2|           2|
    |add_ln840_82_fu_2489_p2           |         +|   0|  0|   4|           3|           3|
    |add_ln840_84_fu_2564_p2           |         +|   0|  0|   2|           2|           2|
    |add_ln840_85_fu_2570_p2           |         +|   0|  0|   2|           2|           2|
    |add_ln840_86_fu_2580_p2           |         +|   0|  0|  10|           2|           2|
    |add_ln840_87_fu_2590_p2           |         +|   0|  0|  10|           2|           2|
    |add_ln840_88_fu_2600_p2           |         +|   0|  0|   4|           3|           3|
    |add_ln840_90_fu_2675_p2           |         +|   0|  0|   2|           2|           2|
    |add_ln840_91_fu_2681_p2           |         +|   0|  0|   2|           2|           2|
    |add_ln840_92_fu_2691_p2           |         +|   0|  0|  10|           2|           2|
    |add_ln840_93_fu_2701_p2           |         +|   0|  0|  10|           2|           2|
    |add_ln840_94_fu_2711_p2           |         +|   0|  0|   4|           3|           3|
    |add_ln840_96_fu_2786_p2           |         +|   0|  0|   2|           2|           2|
    |add_ln840_97_fu_2792_p2           |         +|   0|  0|   2|           2|           2|
    |add_ln840_98_fu_2802_p2           |         +|   0|  0|  10|           2|           2|
    |add_ln840_99_fu_2812_p2           |         +|   0|  0|  10|           2|           2|
    |i_2_fu_548_p2                     |         +|   0|  0|  26|          19|           1|
    |result_V_11_fu_2939_p2            |         +|   0|  0|   4|           3|           3|
    |result_V_13_fu_3050_p2            |         +|   0|  0|   4|           3|           3|
    |result_V_15_fu_3161_p2            |         +|   0|  0|   4|           3|           3|
    |result_V_1_fu_2384_p2             |         +|   0|  0|   4|           3|           3|
    |result_V_3_fu_2495_p2             |         +|   0|  0|   4|           3|           3|
    |result_V_5_fu_2606_p2             |         +|   0|  0|   4|           3|           3|
    |result_V_7_fu_2717_p2             |         +|   0|  0|   4|           3|           3|
    |result_V_9_fu_2828_p2             |         +|   0|  0|   4|           3|           3|
    |sf_1_fu_2217_p2                   |         +|   0|  0|  39|          32|           1|
    |ap_block_state8_io                |       and|   0|  0|   2|           1|           1|
    |ap_condition_3221                 |       and|   0|  0|   2|           1|           1|
    |ap_predicate_op825_write_state8   |       and|   0|  0|   2|           1|           1|
    |icmp_ln1039_10_fu_2426_p2         |      icmp|   0|  0|  12|          15|          11|
    |icmp_ln1039_11_fu_2435_p2         |      icmp|   0|  0|  12|          15|          11|
    |icmp_ln1039_12_fu_2444_p2         |      icmp|   0|  0|  12|          15|          12|
    |icmp_ln1039_14_fu_2510_p2         |      icmp|   0|  0|  12|          15|          10|
    |icmp_ln1039_15_fu_2519_p2         |      icmp|   0|  0|  12|          15|          10|
    |icmp_ln1039_16_fu_2528_p2         |      icmp|   0|  0|  12|          15|          11|
    |icmp_ln1039_17_fu_2537_p2         |      icmp|   0|  0|  12|          15|          11|
    |icmp_ln1039_18_fu_2546_p2         |      icmp|   0|  0|  12|          15|          11|
    |icmp_ln1039_19_fu_2555_p2         |      icmp|   0|  0|  12|          15|          11|
    |icmp_ln1039_1_fu_2297_p2          |      icmp|   0|  0|  12|          15|           9|
    |icmp_ln1039_21_fu_2621_p2         |      icmp|   0|  0|  12|          15|           9|
    |icmp_ln1039_22_fu_2630_p2         |      icmp|   0|  0|  12|          15|           4|
    |icmp_ln1039_23_fu_2639_p2         |      icmp|   0|  0|  12|          15|           9|
    |icmp_ln1039_24_fu_2648_p2         |      icmp|   0|  0|  12|          15|          10|
    |icmp_ln1039_25_fu_2657_p2         |      icmp|   0|  0|  12|          15|          10|
    |icmp_ln1039_26_fu_2666_p2         |      icmp|   0|  0|  12|          15|          11|
    |icmp_ln1039_28_fu_2732_p2         |      icmp|   0|  0|  12|          15|          10|
    |icmp_ln1039_29_fu_2741_p2         |      icmp|   0|  0|  12|          15|          10|
    |icmp_ln1039_2_fu_2306_p2          |      icmp|   0|  0|  12|          15|          10|
    |icmp_ln1039_30_fu_2750_p2         |      icmp|   0|  0|  12|          15|          11|
    |icmp_ln1039_31_fu_2759_p2         |      icmp|   0|  0|  12|          15|          11|
    |icmp_ln1039_32_fu_2768_p2         |      icmp|   0|  0|  12|          15|          12|
    |icmp_ln1039_33_fu_2777_p2         |      icmp|   0|  0|  12|          15|          12|
    |icmp_ln1039_35_fu_2843_p2         |      icmp|   0|  0|  12|          15|          10|
    |icmp_ln1039_36_fu_2852_p2         |      icmp|   0|  0|  12|          15|          10|
    |icmp_ln1039_37_fu_2861_p2         |      icmp|   0|  0|  12|          15|          11|
    |icmp_ln1039_38_fu_2870_p2         |      icmp|   0|  0|  12|          15|          11|
    |icmp_ln1039_39_fu_2879_p2         |      icmp|   0|  0|  12|          15|          11|
    |icmp_ln1039_3_fu_2315_p2          |      icmp|   0|  0|  12|          15|          11|
    |icmp_ln1039_40_fu_2888_p2         |      icmp|   0|  0|  12|          15|          11|
    |icmp_ln1039_42_fu_2954_p2         |      icmp|   0|  0|  12|          15|           9|
    |icmp_ln1039_43_fu_2963_p2         |      icmp|   0|  0|  12|          15|           6|
    |icmp_ln1039_44_fu_2972_p2         |      icmp|   0|  0|  12|          15|           8|
    |icmp_ln1039_45_fu_2981_p2         |      icmp|   0|  0|  12|          15|           9|
    |icmp_ln1039_46_fu_2990_p2         |      icmp|   0|  0|  12|          15|           9|
    |icmp_ln1039_47_fu_2999_p2         |      icmp|   0|  0|  12|          15|          10|
    |icmp_ln1039_49_fu_3065_p2         |      icmp|   0|  0|  12|          15|          11|
    |icmp_ln1039_4_fu_2324_p2          |      icmp|   0|  0|  12|          15|          11|
    |icmp_ln1039_50_fu_3074_p2         |      icmp|   0|  0|  12|          15|          11|
    |icmp_ln1039_51_fu_3083_p2         |      icmp|   0|  0|  12|          15|           9|
    |icmp_ln1039_52_fu_3092_p2         |      icmp|   0|  0|  12|          15|           8|
    |icmp_ln1039_53_fu_3101_p2         |      icmp|   0|  0|  12|          15|          10|
    |icmp_ln1039_54_fu_3110_p2         |      icmp|   0|  0|  12|          15|          10|
    |icmp_ln1039_5_fu_2333_p2          |      icmp|   0|  0|  12|          15|          11|
    |icmp_ln1039_7_fu_2399_p2          |      icmp|   0|  0|  12|          15|          10|
    |icmp_ln1039_8_fu_2408_p2          |      icmp|   0|  0|  12|          15|          11|
    |icmp_ln1039_9_fu_2417_p2          |      icmp|   0|  0|  12|          15|          11|
    |icmp_ln1039_fu_2288_p2            |      icmp|   0|  0|  12|          15|           8|
    |icmp_ln249_fu_542_p2              |      icmp|   0|  0|  13|          19|          19|
    |icmp_ln272_fu_2035_p2             |      icmp|   0|  0|  18|          32|           1|
    |icmp_ln290_fu_2223_p2             |      icmp|   0|  0|  18|          32|           4|
    |result_V_10_fu_2834_p2            |      icmp|   0|  0|  12|          15|           9|
    |result_V_12_fu_2945_p2            |      icmp|   0|  0|  12|          15|          10|
    |result_V_14_fu_3056_p2            |      icmp|   0|  0|  12|          15|          12|
    |result_V_2_fu_2390_p2             |      icmp|   0|  0|  12|          15|           9|
    |result_V_4_fu_2501_p2             |      icmp|   0|  0|  12|          15|           9|
    |result_V_6_fu_2612_p2             |      icmp|   0|  0|  12|          15|          10|
    |result_V_8_fu_2723_p2             |      icmp|   0|  0|  12|          15|           9|
    |result_V_fu_2279_p2               |      icmp|   0|  0|  12|          15|           8|
    |ap_block_state1_pp0_stage0_iter0  |        or|   0|  0|   2|           1|           1|
    |accu_V_10_fu_2081_p3              |    select|   0|  0|  15|           1|           1|
    |accu_V_11_fu_2073_p3              |    select|   0|  0|  15|           1|           1|
    |accu_V_12_fu_2065_p3              |    select|   0|  0|  15|           1|           1|
    |accu_V_13_fu_2057_p3              |    select|   0|  0|  15|           1|           1|
    |accu_V_14_fu_2049_p3              |    select|   0|  0|  15|           1|           1|
    |accu_V_15_fu_2041_p3              |    select|   0|  0|  15|           1|           1|
    |accu_V_8_fu_2097_p3               |    select|   0|  0|  15|           1|           1|
    |accu_V_9_fu_2089_p3               |    select|   0|  0|  15|           1|           1|
    +----------------------------------+----------+----+---+----+------------+------------+
    |Total                             |          |   0|  0|1546|        1450|        1061|
    +----------------------------------+----------+----+---+----+------------+------------+

    * Multiplexer: 
    +----------------------------------+----+-----------+-----+-----------+
    |               Name               | LUT| Input Size| Bits| Total Bits|
    +----------------------------------+----+-----------+-----+-----------+
    |ap_NS_iter1_fsm                   |  14|          3|    2|          6|
    |ap_NS_iter2_fsm                   |  14|          3|    2|          6|
    |ap_NS_iter3_fsm                   |  14|          3|    2|          6|
    |ap_NS_iter4_fsm                   |  14|          3|    2|          6|
    |ap_NS_iter5_fsm                   |  14|          3|    2|          6|
    |ap_NS_iter6_fsm                   |  14|          3|    2|          6|
    |ap_NS_iter7_fsm                   |  14|          3|    2|          6|
    |ap_done_int                       |   9|          2|    1|          2|
    |ap_loop_exit_ready_pp0_iter7_reg  |   9|          2|    1|          2|
    |ap_sig_allocacmp_i_1              |   9|          2|   19|         38|
    |i_fu_474                          |   9|          2|   19|         38|
    |in0_V_TDATA_blk_n                 |   9|          2|    1|          2|
    |out_V_TDATA_blk_n                 |   9|          2|    1|          2|
    |sf_fu_470                         |   9|          2|   32|         64|
    |weights_V_TDATA_blk_n             |   9|          2|    1|          2|
    +----------------------------------+----+-----------+-----+-----------+
    |Total                             | 170|         37|   89|        192|
    +----------------------------------+----+-----------+-----+-----------+

    * Register: 
    +----------------------------------------+----+----+-----+-----------+
    |                  Name                  | FF | LUT| Bits| Const Bits|
    +----------------------------------------+----+----+-----+-----------+
    |accu_V_16_reg_4716                      |  15|   0|   15|          0|
    |accu_V_17_reg_4727                      |  15|   0|   15|          0|
    |accu_V_18_reg_4738                      |  15|   0|   15|          0|
    |accu_V_19_reg_4749                      |  15|   0|   15|          0|
    |accu_V_1_fu_482                         |  15|   0|   15|          0|
    |accu_V_20_reg_4760                      |  15|   0|   15|          0|
    |accu_V_21_reg_4771                      |  15|   0|   15|          0|
    |accu_V_22_reg_4782                      |  15|   0|   15|          0|
    |accu_V_23_reg_4793                      |  15|   0|   15|          0|
    |accu_V_2_fu_486                         |  15|   0|   15|          0|
    |accu_V_3_fu_490                         |  15|   0|   15|          0|
    |accu_V_4_fu_494                         |  15|   0|   15|          0|
    |accu_V_5_fu_498                         |  15|   0|   15|          0|
    |accu_V_6_fu_502                         |  15|   0|   15|          0|
    |accu_V_7_fu_506                         |  15|   0|   15|          0|
    |accu_V_fu_478                           |  15|   0|   15|          0|
    |add_ln840_13_reg_4536                   |  12|   0|   12|          0|
    |add_ln840_16_reg_4651                   |  14|   0|   14|          0|
    |add_ln840_22_reg_4551                   |  12|   0|   12|          0|
    |add_ln840_25_reg_4661                   |  14|   0|   14|          0|
    |add_ln840_31_reg_4566                   |  12|   0|   12|          0|
    |add_ln840_34_reg_4671                   |  14|   0|   14|          0|
    |add_ln840_40_reg_4581                   |  12|   0|   12|          0|
    |add_ln840_43_reg_4681                   |  14|   0|   14|          0|
    |add_ln840_49_reg_4596                   |  12|   0|   12|          0|
    |add_ln840_4_reg_4521                    |  12|   0|   12|          0|
    |add_ln840_52_reg_4691                   |  14|   0|   14|          0|
    |add_ln840_58_reg_4611                   |  12|   0|   12|          0|
    |add_ln840_61_reg_4701                   |  14|   0|   14|          0|
    |add_ln840_67_reg_4626                   |  12|   0|   12|          0|
    |add_ln840_70_reg_4711                   |  14|   0|   14|          0|
    |add_ln840_7_reg_4641                    |  14|   0|   14|          0|
    |ap_CS_iter0_fsm                         |   1|   0|    1|          0|
    |ap_CS_iter1_fsm                         |   2|   0|    2|          0|
    |ap_CS_iter2_fsm                         |   2|   0|    2|          0|
    |ap_CS_iter3_fsm                         |   2|   0|    2|          0|
    |ap_CS_iter4_fsm                         |   2|   0|    2|          0|
    |ap_CS_iter5_fsm                         |   2|   0|    2|          0|
    |ap_CS_iter6_fsm                         |   2|   0|    2|          0|
    |ap_CS_iter7_fsm                         |   2|   0|    2|          0|
    |ap_done_reg                             |   1|   0|    1|          0|
    |ap_loop_exit_ready_pp0_iter1_reg        |   1|   0|    1|          0|
    |ap_loop_exit_ready_pp0_iter2_reg        |   1|   0|    1|          0|
    |ap_loop_exit_ready_pp0_iter3_reg        |   1|   0|    1|          0|
    |ap_loop_exit_ready_pp0_iter4_reg        |   1|   0|    1|          0|
    |ap_loop_exit_ready_pp0_iter5_reg        |   1|   0|    1|          0|
    |ap_loop_exit_ready_pp0_iter6_reg        |   1|   0|    1|          0|
    |ap_loop_exit_ready_pp0_iter7_reg        |   1|   0|    1|          0|
    |i_fu_474                                |  19|   0|   19|          0|
    |icmp_ln249_reg_3675                     |   1|   0|    1|          0|
    |icmp_ln249_reg_3675_pp0_iter1_reg       |   1|   0|    1|          0|
    |icmp_ln249_reg_3675_pp0_iter2_reg       |   1|   0|    1|          0|
    |icmp_ln249_reg_3675_pp0_iter3_reg       |   1|   0|    1|          0|
    |icmp_ln249_reg_3675_pp0_iter4_reg       |   1|   0|    1|          0|
    |icmp_ln249_reg_3675_pp0_iter5_reg       |   1|   0|    1|          0|
    |icmp_ln249_reg_3675_pp0_iter6_reg       |   1|   0|    1|          0|
    |icmp_ln290_reg_4804                     |   1|   0|    1|          0|
    |local_temp_V_11_reg_3779                |   8|   0|    8|          0|
    |local_temp_V_11_reg_3779_pp0_iter1_reg  |   8|   0|    8|          0|
    |local_temp_V_12_reg_3784                |   8|   0|    8|          0|
    |local_temp_V_12_reg_3784_pp0_iter1_reg  |   8|   0|    8|          0|
    |local_temp_V_12_reg_3784_pp0_iter2_reg  |   8|   0|    8|          0|
    |local_temp_V_13_reg_3789                |   8|   0|    8|          0|
    |local_temp_V_14_reg_3794                |   8|   0|    8|          0|
    |local_temp_V_14_reg_3794_pp0_iter1_reg  |   8|   0|    8|          0|
    |local_temp_V_14_reg_3794_pp0_iter2_reg  |   8|   0|    8|          0|
    |local_temp_V_15_reg_3799                |   8|   0|    8|          0|
    |local_temp_V_15_reg_3799_pp0_iter1_reg  |   8|   0|    8|          0|
    |local_temp_V_15_reg_3799_pp0_iter2_reg  |   8|   0|    8|          0|
    |local_temp_V_16_reg_3804                |   8|   0|    8|          0|
    |local_temp_V_16_reg_3804_pp0_iter1_reg  |   8|   0|    8|          0|
    |local_temp_V_17_reg_3809                |   8|   0|    8|          0|
    |local_temp_V_18_reg_3814                |   8|   0|    8|          0|
    |local_temp_V_19_reg_3819                |   8|   0|    8|          0|
    |local_temp_V_19_reg_3819_pp0_iter1_reg  |   8|   0|    8|          0|
    |local_temp_V_19_reg_3819_pp0_iter2_reg  |   8|   0|    8|          0|
    |local_temp_V_20_reg_3824                |   8|   0|    8|          0|
    |local_temp_V_20_reg_3824_pp0_iter1_reg  |   8|   0|    8|          0|
    |local_temp_V_21_reg_3829                |   8|   0|    8|          0|
    |local_temp_V_21_reg_3829_pp0_iter1_reg  |   8|   0|    8|          0|
    |local_temp_V_21_reg_3829_pp0_iter2_reg  |   8|   0|    8|          0|
    |local_temp_V_22_reg_3834                |   8|   0|    8|          0|
    |local_temp_V_23_reg_3839                |   8|   0|    8|          0|
    |local_temp_V_23_reg_3839_pp0_iter1_reg  |   8|   0|    8|          0|
    |local_temp_V_23_reg_3839_pp0_iter2_reg  |   8|   0|    8|          0|
    |local_temp_V_24_reg_3844                |   8|   0|    8|          0|
    |local_temp_V_24_reg_3844_pp0_iter1_reg  |   8|   0|    8|          0|
    |local_temp_V_24_reg_3844_pp0_iter2_reg  |   8|   0|    8|          0|
    |local_temp_V_25_reg_3849                |   8|   0|    8|          0|
    |local_temp_V_25_reg_3849_pp0_iter1_reg  |   8|   0|    8|          0|
    |local_temp_V_26_reg_3854                |   8|   0|    8|          0|
    |local_temp_V_27_reg_3859                |   8|   0|    8|          0|
    |local_temp_V_28_reg_3864                |   8|   0|    8|          0|
    |local_temp_V_28_reg_3864_pp0_iter1_reg  |   8|   0|    8|          0|
    |local_temp_V_28_reg_3864_pp0_iter2_reg  |   8|   0|    8|          0|
    |local_temp_V_29_reg_3869                |   8|   0|    8|          0|
    |local_temp_V_29_reg_3869_pp0_iter1_reg  |   8|   0|    8|          0|
    |local_temp_V_30_reg_3874                |   8|   0|    8|          0|
    |local_temp_V_30_reg_3874_pp0_iter1_reg  |   8|   0|    8|          0|
    |local_temp_V_30_reg_3874_pp0_iter2_reg  |   8|   0|    8|          0|
    |local_temp_V_31_reg_3879                |   8|   0|    8|          0|
    |local_temp_V_32_reg_3884                |   8|   0|    8|          0|
    |local_temp_V_32_reg_3884_pp0_iter1_reg  |   8|   0|    8|          0|
    |local_temp_V_32_reg_3884_pp0_iter2_reg  |   8|   0|    8|          0|
    |local_temp_V_33_reg_3889                |   8|   0|    8|          0|
    |local_temp_V_33_reg_3889_pp0_iter1_reg  |   8|   0|    8|          0|
    |local_temp_V_33_reg_3889_pp0_iter2_reg  |   8|   0|    8|          0|
    |local_temp_V_34_reg_3894                |   8|   0|    8|          0|
    |local_temp_V_34_reg_3894_pp0_iter1_reg  |   8|   0|    8|          0|
    |local_temp_V_35_reg_3899                |   8|   0|    8|          0|
    |local_temp_V_36_reg_3904                |   8|   0|    8|          0|
    |local_temp_V_37_reg_3909                |   8|   0|    8|          0|
    |local_temp_V_37_reg_3909_pp0_iter1_reg  |   8|   0|    8|          0|
    |local_temp_V_37_reg_3909_pp0_iter2_reg  |   8|   0|    8|          0|
    |local_temp_V_38_reg_3914                |   8|   0|    8|          0|
    |local_temp_V_38_reg_3914_pp0_iter1_reg  |   8|   0|    8|          0|
    |local_temp_V_39_reg_3919                |   8|   0|    8|          0|
    |local_temp_V_39_reg_3919_pp0_iter1_reg  |   8|   0|    8|          0|
    |local_temp_V_39_reg_3919_pp0_iter2_reg  |   8|   0|    8|          0|
    |local_temp_V_40_reg_3924                |   8|   0|    8|          0|
    |local_temp_V_41_reg_3929                |   8|   0|    8|          0|
    |local_temp_V_41_reg_3929_pp0_iter1_reg  |   8|   0|    8|          0|
    |local_temp_V_41_reg_3929_pp0_iter2_reg  |   8|   0|    8|          0|
    |local_temp_V_42_reg_3934                |   8|   0|    8|          0|
    |local_temp_V_42_reg_3934_pp0_iter1_reg  |   8|   0|    8|          0|
    |local_temp_V_42_reg_3934_pp0_iter2_reg  |   8|   0|    8|          0|
    |local_temp_V_43_reg_3939                |   8|   0|    8|          0|
    |local_temp_V_43_reg_3939_pp0_iter1_reg  |   8|   0|    8|          0|
    |local_temp_V_44_reg_3944                |   8|   0|    8|          0|
    |local_temp_V_45_reg_3949                |   8|   0|    8|          0|
    |local_temp_V_46_reg_3954                |   8|   0|    8|          0|
    |local_temp_V_46_reg_3954_pp0_iter1_reg  |   8|   0|    8|          0|
    |local_temp_V_46_reg_3954_pp0_iter2_reg  |   8|   0|    8|          0|
    |local_temp_V_47_reg_3959                |   8|   0|    8|          0|
    |local_temp_V_47_reg_3959_pp0_iter1_reg  |   8|   0|    8|          0|
    |local_temp_V_48_reg_3964                |   8|   0|    8|          0|
    |local_temp_V_48_reg_3964_pp0_iter1_reg  |   8|   0|    8|          0|
    |local_temp_V_48_reg_3964_pp0_iter2_reg  |   8|   0|    8|          0|
    |local_temp_V_49_reg_3969                |   8|   0|    8|          0|
    |local_temp_V_50_reg_3974                |   8|   0|    8|          0|
    |local_temp_V_50_reg_3974_pp0_iter1_reg  |   8|   0|    8|          0|
    |local_temp_V_50_reg_3974_pp0_iter2_reg  |   8|   0|    8|          0|
    |local_temp_V_51_reg_3979                |   8|   0|    8|          0|
    |local_temp_V_51_reg_3979_pp0_iter1_reg  |   8|   0|    8|          0|
    |local_temp_V_51_reg_3979_pp0_iter2_reg  |   8|   0|    8|          0|
    |local_temp_V_52_reg_3984                |   8|   0|    8|          0|
    |local_temp_V_52_reg_3984_pp0_iter1_reg  |   8|   0|    8|          0|
    |local_temp_V_53_reg_3989                |   8|   0|    8|          0|
    |local_temp_V_54_reg_3994                |   8|   0|    8|          0|
    |local_temp_V_55_reg_3999                |   8|   0|    8|          0|
    |local_temp_V_55_reg_3999_pp0_iter1_reg  |   8|   0|    8|          0|
    |local_temp_V_55_reg_3999_pp0_iter2_reg  |   8|   0|    8|          0|
    |local_temp_V_56_reg_4004                |   8|   0|    8|          0|
    |local_temp_V_56_reg_4004_pp0_iter1_reg  |   8|   0|    8|          0|
    |local_temp_V_57_reg_4009                |   8|   0|    8|          0|
    |local_temp_V_57_reg_4009_pp0_iter1_reg  |   8|   0|    8|          0|
    |local_temp_V_57_reg_4009_pp0_iter2_reg  |   8|   0|    8|          0|
    |local_temp_V_58_reg_4014                |   8|   0|    8|          0|
    |local_temp_V_59_reg_4019                |   8|   0|    8|          0|
    |local_temp_V_59_reg_4019_pp0_iter1_reg  |   8|   0|    8|          0|
    |local_temp_V_59_reg_4019_pp0_iter2_reg  |   8|   0|    8|          0|
    |local_temp_V_60_reg_4024                |   8|   0|    8|          0|
    |local_temp_V_60_reg_4024_pp0_iter1_reg  |   8|   0|    8|          0|
    |local_temp_V_60_reg_4024_pp0_iter2_reg  |   8|   0|    8|          0|
    |local_temp_V_61_reg_4029                |   8|   0|    8|          0|
    |local_temp_V_61_reg_4029_pp0_iter1_reg  |   8|   0|    8|          0|
    |local_temp_V_62_reg_4034                |   8|   0|    8|          0|
    |local_temp_V_63_reg_4039                |   8|   0|    8|          0|
    |local_temp_V_64_reg_4044                |   8|   0|    8|          0|
    |local_temp_V_64_reg_4044_pp0_iter1_reg  |   8|   0|    8|          0|
    |local_temp_V_64_reg_4044_pp0_iter2_reg  |   8|   0|    8|          0|
    |local_temp_V_65_reg_4049                |   8|   0|    8|          0|
    |local_temp_V_65_reg_4049_pp0_iter1_reg  |   8|   0|    8|          0|
    |local_temp_V_66_reg_4054                |   8|   0|    8|          0|
    |local_temp_V_66_reg_4054_pp0_iter1_reg  |   8|   0|    8|          0|
    |local_temp_V_66_reg_4054_pp0_iter2_reg  |   8|   0|    8|          0|
    |local_temp_V_67_reg_4059                |   8|   0|    8|          0|
    |local_temp_V_68_reg_4064                |   8|   0|    8|          0|
    |local_temp_V_68_reg_4064_pp0_iter1_reg  |   8|   0|    8|          0|
    |local_temp_V_68_reg_4064_pp0_iter2_reg  |   8|   0|    8|          0|
    |local_temp_V_69_reg_4069                |   8|   0|    8|          0|
    |local_temp_V_69_reg_4069_pp0_iter1_reg  |   8|   0|    8|          0|
    |local_temp_V_69_reg_4069_pp0_iter2_reg  |   8|   0|    8|          0|
    |local_temp_V_70_reg_4074                |   8|   0|    8|          0|
    |local_temp_V_70_reg_4074_pp0_iter1_reg  |   8|   0|    8|          0|
    |local_temp_V_71_reg_4079                |   8|   0|    8|          0|
    |local_temp_V_72_reg_3679                |   8|   0|    8|          0|
    |local_temp_V_73_reg_3684                |   8|   0|    8|          0|
    |local_temp_V_73_reg_3684_pp0_iter1_reg  |   8|   0|    8|          0|
    |local_temp_V_73_reg_3684_pp0_iter2_reg  |   8|   0|    8|          0|
    |local_temp_V_74_reg_3689                |   8|   0|    8|          0|
    |local_temp_V_74_reg_3689_pp0_iter1_reg  |   8|   0|    8|          0|
    |local_temp_V_75_reg_3694                |   8|   0|    8|          0|
    |local_temp_V_75_reg_3694_pp0_iter1_reg  |   8|   0|    8|          0|
    |local_temp_V_75_reg_3694_pp0_iter2_reg  |   8|   0|    8|          0|
    |local_temp_V_76_reg_3699                |   8|   0|    8|          0|
    |local_temp_V_77_reg_3704                |   8|   0|    8|          0|
    |local_temp_V_77_reg_3704_pp0_iter1_reg  |   8|   0|    8|          0|
    |local_temp_V_77_reg_3704_pp0_iter2_reg  |   8|   0|    8|          0|
    |local_temp_V_78_reg_3709                |   8|   0|    8|          0|
    |local_temp_V_78_reg_3709_pp0_iter1_reg  |   8|   0|    8|          0|
    |local_temp_V_78_reg_3709_pp0_iter2_reg  |   8|   0|    8|          0|
    |local_temp_V_79_reg_3714                |   8|   0|    8|          0|
    |local_temp_V_79_reg_3714_pp0_iter1_reg  |   8|   0|    8|          0|
    |local_temp_V_80_reg_3719                |   8|   0|    8|          0|
    |local_temp_V_9_reg_3774                 |   8|   0|    8|          0|
    |local_temp_V_9_reg_3774_pp0_iter1_reg   |   8|   0|    8|          0|
    |local_temp_V_9_reg_3774_pp0_iter2_reg   |   8|   0|    8|          0|
    |local_temp_V_reg_3769                   |   8|   0|    8|          0|
    |r_V_1_reg_3729                          |   3|   0|    3|          0|
    |r_V_1_reg_3729_pp0_iter1_reg            |   3|   0|    3|          0|
    |r_V_1_reg_3729_pp0_iter2_reg            |   3|   0|    3|          0|
    |r_V_2_reg_3734                          |   3|   0|    3|          0|
    |r_V_2_reg_3734_pp0_iter1_reg            |   3|   0|    3|          0|
    |r_V_3_reg_3739                          |   3|   0|    3|          0|
    |r_V_3_reg_3739_pp0_iter1_reg            |   3|   0|    3|          0|
    |r_V_3_reg_3739_pp0_iter2_reg            |   3|   0|    3|          0|
    |r_V_4_reg_3744                          |   3|   0|    3|          0|
    |r_V_5_reg_3749                          |   3|   0|    3|          0|
    |r_V_5_reg_3749_pp0_iter1_reg            |   3|   0|    3|          0|
    |r_V_5_reg_3749_pp0_iter2_reg            |   3|   0|    3|          0|
    |r_V_6_reg_3754                          |   3|   0|    3|          0|
    |r_V_6_reg_3754_pp0_iter1_reg            |   3|   0|    3|          0|
    |r_V_6_reg_3754_pp0_iter2_reg            |   3|   0|    3|          0|
    |r_V_7_reg_3759                          |   3|   0|    3|          0|
    |r_V_7_reg_3759_pp0_iter1_reg            |   3|   0|    3|          0|
    |r_V_8_reg_3764                          |   3|   0|    3|          0|
    |r_V_reg_3724                            |   3|   0|    3|          0|
    |sf_fu_470                               |  32|   0|   32|          0|
    +----------------------------------------+----+----+-----+-----------+
    |Total                                   |1803|   0| 1803|          0|
    +----------------------------------------+----+----+-----+-----------+



================================================================
== Interface
================================================================
* Summary: 
+------------------+-----+-----+------------+-------------------------------------+--------------+
|     RTL Ports    | Dir | Bits|  Protocol  |            Source Object            |    C Type    |
+------------------+-----+-----+------------+-------------------------------------+--------------+
|ap_clk            |   in|    1|  ap_ctrl_hs|  Matrix_Vector_Activate_Stream_Batch|  return value|
|ap_rst            |   in|    1|  ap_ctrl_hs|  Matrix_Vector_Activate_Stream_Batch|  return value|
|ap_start          |   in|    1|  ap_ctrl_hs|  Matrix_Vector_Activate_Stream_Batch|  return value|
|ap_done           |  out|    1|  ap_ctrl_hs|  Matrix_Vector_Activate_Stream_Batch|  return value|
|ap_idle           |  out|    1|  ap_ctrl_hs|  Matrix_Vector_Activate_Stream_Batch|  return value|
|ap_ready          |  out|    1|  ap_ctrl_hs|  Matrix_Vector_Activate_Stream_Batch|  return value|
|in0_V_TVALID      |   in|    1|        axis|                                in0_V|       pointer|
|in0_V_TDATA       |   in|   32|        axis|                                in0_V|       pointer|
|in0_V_TREADY      |  out|    1|        axis|                                in0_V|       pointer|
|weights_V_TVALID  |   in|    1|        axis|                            weights_V|       pointer|
|weights_V_TDATA   |   in|  576|        axis|                            weights_V|       pointer|
|weights_V_TREADY  |  out|    1|        axis|                            weights_V|       pointer|
|out_V_TREADY      |   in|    1|        axis|                                out_V|       pointer|
|out_V_TDATA       |  out|   24|        axis|                                out_V|       pointer|
|out_V_TVALID      |  out|    1|        axis|                                out_V|       pointer|
+------------------+-----+-----+------------+-------------------------------------+--------------+

