#-----------------------------------------------------------
# Vivado v2022.2 (64-bit)
# SW Build 3671981 on Fri Oct 14 05:00:03 MDT 2022
# IP Build 3669848 on Fri Oct 14 08:30:02 MDT 2022
# Start of session at: Sat Nov  9 22:59:38 2024
# Process ID: 48588
# Current directory: D:/finn_dev_root/vivado_stitch_proj_wlkx21xb/finn_vivado_stitch_proj.runs/finn_design_StreamingFIFO_rtl_52_0_synth_1
# Command line: vivado.exe -log finn_design_StreamingFIFO_rtl_52_0.vds -product Vivado -mode batch -messageDb vivado.pb -notrace -source finn_design_StreamingFIFO_rtl_52_0.tcl
# Log file: D:/finn_dev_root/vivado_stitch_proj_wlkx21xb/finn_vivado_stitch_proj.runs/finn_design_StreamingFIFO_rtl_52_0_synth_1/finn_design_StreamingFIFO_rtl_52_0.vds
# Journal file: D:/finn_dev_root/vivado_stitch_proj_wlkx21xb/finn_vivado_stitch_proj.runs/finn_design_StreamingFIFO_rtl_52_0_synth_1\vivado.jou
# Running On: fengwuyu, OS: Windows, CPU Frequency: 3194 MHz, CPU Physical cores: 16, Host memory: 42082 MB
#-----------------------------------------------------------
source finn_design_StreamingFIFO_rtl_52_0.tcl -notrace
